1 folders

before clustering

Partition of a set of 508649 objects. Total size = 50268552 bytes.
 Index  Count   %     Size   % Cumulative  % Kind (class / dict of class)
     0  75453  15 33173688  66  33173688  66 dict (no owner)
     1 130804  26  7297416  15  40471104  81 str
     2 271208  53  6508992  13  46980096  93 float
     3      2   0  1573440   3  48553536  97 collections.defaultdict
     4  21079   4  1442744   3  49996280  99 unicode
     5   9745   2   233880   0  50230160 100 int
     6    169   0    12304   0  50242464 100 tuple
     7     57   0     7880   0  50250344 100 list
     8     18   0     6320   0  50256664 100 _sre.SRE_Pattern
     9     64   0     5632   0  50262296 100 __builtin__.weakref



at end

Partition of a set of 510451 objects. Total size = 50424904 bytes.
 Index  Count   %     Size   % Cumulative  % Kind (class / dict of class)
     0  75485  15 33185720  66  33185720  66 dict (no owner)
     1 131545  26  7358568  15  40544288  80 str
     2 271224  53  6509376  13  47053664  93 float
     3      9   0  1576224   3  48629888  96 collections.defaultdict
     4  21079   4  1442744   3  50072632  99 unicode
     5   9755   2   234120   0  50306752 100 int
     6    471   0    34048   0  50340800 100 tuple
     7    127   0    29432   0  50370232 100 list
     8    270   0    14880   0  50385112 100 numpy.string_
     9     21   0     7256   0  50392368 100 _sre.SRE_Pattern



2 folders

before clustering

artition of a set of 528973 objects. Total size = 51490656 bytes.
 Index  Count   %     Size   % Cumulative  % Kind (class / dict of class)
     0  75456  14 33174528  64  33174528  64 dict (no owner)
     1 140805  27  8257480  16  41432008  80 str
     2 271208  51  6508992  13  47941000  93 float
     3      2   0  1573440   3  49514440  96 collections.defaultdict
     4  21397   4  1463592   3  50978032  99 unicode
     5  19745   4   473880   1  51451912 100 int
     6    169   0    12304   0  51464216 100 tuple
     7     57   0     7880   0  51472096 100 list
     8     18   0     6320   0  51478416 100 _sre.SRE_Pattern
     9     64   0     5632   0  51484048 100 __builtin__.weakref

	 
	 

at end

Partition of a set of 530778 objects. Total size = 51645232 bytes.
 Index  Count   %     Size   % Cumulative  % Kind (class / dict of class)
     0  75484  14 33186208  64  33186208  64 dict (no owner)
     1 141544  27  8318504  16  41504712  80 str
     2 271230  51  6509520  13  48014232  93 float
     3      9   0  1576224   3  49590456  96 collections.defaultdict
     4  21397   4  1463592   3  51054048  99 unicode
     5  19761   4   474264   1  51528312 100 int
     6    467   0    33744   0  51562056 100 tuple
     7    127   0    29432   0  51591488 100 list
     8    270   0    14880   0  51606368 100 numpy.string_
     9     82   0     7216   0  51613584 100 __builtin__.weakref
	 

	 
	 
3 folders

before clustering
Partition of a set of 549436 objects. Total size = 55080992 bytes.
 Index  Count   %     Size   % Cumulative  % Kind (class / dict of class)
     0  75456  14 33174528  60  33174528  60 dict (no owner)
     1 150805  27  9217480  17  42392008  77 str
     2 271208  49  6508992  12  48901000  89 float
     3      2   0  3932736   7  52833736  96 collections.defaultdict
     4  21860   4  1494632   3  54328368  99 unicode
     5  29745   5   713880   1  55042248 100 int
     6    169   0    12304   0  55054552 100 tuple
     7     57   0     7880   0  55062432 100 list
     8     18   0     6320   0  55068752 100 _sre.SRE_Pattern
     9     64   0     5632   0  55074384 100 __builtin__.weakref

	 
end

Partition of a set of 551275 objects. Total size = 55239680 bytes.
 Index  Count   %     Size   % Cumulative  % Kind (class / dict of class)
     0  75489  14 33188376  60  33188376  60 dict (no owner)
     1 151545  27  9278568  17  42466944  77 str
     2 271236  49  6509664  12  48976608  89 float
     3      9   0  3935520   7  52912128  96 collections.defaultdict
     4  21860   4  1494632   3  54406760  98 unicode
     5  29768   5   714432   1  55121192 100 int
     6    471   0    34048   0  55155240 100 tuple
     7    127   0    29432   0  55184672 100 list
     8    270   0    14880   0  55199552 100 numpy.string_
     9     21   0     7256   0  55206808 100 _sre.SRE_Pattern
	 